#-----------------------------------------------------------
# Vivado v2017.4 (64-bit)
# SW Build 2086221 on Fri Dec 15 20:55:39 MST 2017
# IP Build 2085800 on Fri Dec 15 22:25:07 MST 2017
# Start of session at: Fri Mar  2 10:16:21 2018
# Process ID: 9468
# Current directory: D:/Users/pnguy/Documents/GitHub/460M-HDL-Design/project_3
# Command line: vivado.exe -gui_launcher_event rodinguilauncherevent27040 D:\Users\pnguy\Documents\GitHub\460M-HDL-Design\project_3\project_3.xpr
# Log file: D:/Users/pnguy/Documents/GitHub/460M-HDL-Design/project_3/vivado.log
# Journal file: D:/Users/pnguy/Documents/GitHub/460M-HDL-Design/project_3\vivado.jou
#-----------------------------------------------------------
start_gui
open_project D:/Users/pnguy/Documents/GitHub/460M-HDL-Design/project_3/project_3.xpr
update_compile_order -fileset sources_1
import_files -norecurse {D:/Users/pnguy/Documents/GitHub/460M-HDL-Design/project_3/StopLight.v D:/Users/pnguy/Documents/GitHub/460M-HDL-Design/project_3/TestBench.v D:/Users/pnguy/Documents/GitHub/460M-HDL-Design/project_3/LightController.v D:/Users/pnguy/Documents/GitHub/460M-HDL-Design/project_3/Sorter.v}
update_compile_order -fileset sources_1
import_files -norecurse D:/Users/pnguy/Documents/GitHub/460M-HDL-Design/project_3/StopLight.v
update_compile_order -fileset sources_1
close_project
create_project project_4 D:/Users/pnguy/Documents/GitHub/460M-HDL-Design/project_4 -part xc7k70tfbv676-1
add_files -norecurse {D:/Users/pnguy/Documents/GitHub/460M-HDL-Design/project_3/StopLight.v D:/Users/pnguy/Documents/GitHub/460M-HDL-Design/project_3/TestBench.v D:/Users/pnguy/Documents/GitHub/460M-HDL-Design/project_3/LightController.v {D:/Users/pnguy/Documents/GitHub/460M-HDL-Design/project_3/EE 460M_Lab2_Starter_File.v} D:/Users/pnguy/Documents/GitHub/460M-HDL-Design/project_3/Sorter.v}
import_files -force -norecurse
import_files -fileset constrs_1 -force -norecurse D:/Users/pnguy/Documents/GitHub/460M-HDL-Design/Basys3_Master.xdc
update_compile_order -fileset sources_1
update_compile_order -fileset sources_1
open_project D:/Users/pnguy/Documents/GitHub/460M-HDL-Design/project_3/project_3.xpr
update_compile_order -fileset sources_1
current_project project_4
close_project
reset_run synth_1
launch_runs synth_1 -jobs 8
wait_on_run synth_1
launch_runs impl_1 -jobs 8
wait_on_run impl_1
reset_run impl_1
reset_run synth_1
launch_runs impl_1 -to_step write_bitstream -jobs 8
wait_on_run impl_1
open_hw
connect_hw_server
open_hw_target
set_property PROGRAM.FILE {D:/Users/pnguy/Documents/GitHub/460M-HDL-Design/project_3/project_3.runs/impl_1/LightController.bit} [get_hw_devices xc7a35t_0]
current_hw_device [get_hw_devices xc7a35t_0]
refresh_hw_device -update_hw_probes false [lindex [get_hw_devices xc7a35t_0] 0]
set_property PROBES.FILE {} [get_hw_devices xc7a35t_0]
set_property FULL_PROBES.FILE {} [get_hw_devices xc7a35t_0]
set_property PROGRAM.FILE {D:/Users/pnguy/Documents/GitHub/460M-HDL-Design/project_3/project_3.runs/impl_1/LightController.bit} [get_hw_devices xc7a35t_0]
program_hw_devices [get_hw_devices xc7a35t_0]
refresh_hw_device [lindex [get_hw_devices xc7a35t_0] 0]
set_property PROBES.FILE {} [get_hw_devices xc7a35t_0]
set_property FULL_PROBES.FILE {} [get_hw_devices xc7a35t_0]
set_property PROGRAM.FILE {D:/Users/pnguy/Documents/GitHub/460M-HDL-Design/project_3/project_3.runs/impl_1/LightController.bit} [get_hw_devices xc7a35t_0]
program_hw_devices [get_hw_devices xc7a35t_0]
refresh_hw_device [lindex [get_hw_devices xc7a35t_0] 0]
reset_run synth_1
launch_runs impl_1 -to_step write_bitstream -jobs 8
wait_on_run impl_1
reset_run synth_1
launch_runs impl_1 -to_step write_bitstream -jobs 8
wait_on_run impl_1
reset_run synth_1
launch_runs impl_1 -to_step write_bitstream -jobs 8
wait_on_run impl_1
reset_run synth_1
launch_runs impl_1 -to_step write_bitstream -jobs 8
wait_on_run impl_1
close_hw
reset_run synth_1
launch_runs impl_1 -to_step write_bitstream -jobs 8
wait_on_run impl_1
open_hw
connect_hw_server
open_hw_target
set_property PROGRAM.FILE {D:/Users/pnguy/Documents/GitHub/460M-HDL-Design/project_3/project_3.runs/impl_1/LightController.bit} [get_hw_devices xc7a35t_0]
current_hw_device [get_hw_devices xc7a35t_0]
refresh_hw_device -update_hw_probes false [lindex [get_hw_devices xc7a35t_0] 0]
set_property PROBES.FILE {} [get_hw_devices xc7a35t_0]
set_property FULL_PROBES.FILE {} [get_hw_devices xc7a35t_0]
set_property PROGRAM.FILE {D:/Users/pnguy/Documents/GitHub/460M-HDL-Design/project_3/project_3.runs/impl_1/LightController.bit} [get_hw_devices xc7a35t_0]
program_hw_devices [get_hw_devices xc7a35t_0]
refresh_hw_device [lindex [get_hw_devices xc7a35t_0] 0]
set_property PROBES.FILE {} [get_hw_devices xc7a35t_0_1]
set_property FULL_PROBES.FILE {} [get_hw_devices xc7a35t_0_1]
set_property PROGRAM.FILE {D:/Users/pnguy/Documents/GitHub/460M-HDL-Design/project_3/project_3.runs/impl_1/LightController.bit} [get_hw_devices xc7a35t_0_1]
program_hw_devices [get_hw_devices xc7a35t_0_1]
refresh_hw_device [lindex [get_hw_devices xc7a35t_0_1] 0]
reset_run impl_1 -prev_step 
launch_runs impl_1 -to_step write_bitstream -jobs 8
wait_on_run impl_1
set_property PROBES.FILE {} [get_hw_devices xc7a35t_0_1]
set_property FULL_PROBES.FILE {} [get_hw_devices xc7a35t_0_1]
set_property PROGRAM.FILE {D:/Users/pnguy/Documents/GitHub/460M-HDL-Design/project_3/project_3.runs/impl_1/LightController.bit} [get_hw_devices xc7a35t_0_1]
program_hw_devices [get_hw_devices xc7a35t_0_1]
refresh_hw_device [lindex [get_hw_devices xc7a35t_0_1] 0]
reset_run synth_1
launch_runs impl_1 -to_step write_bitstream -jobs 8
wait_on_run impl_1
set_property PROBES.FILE {} [get_hw_devices xc7a35t_0_1]
set_property FULL_PROBES.FILE {} [get_hw_devices xc7a35t_0_1]
set_property PROGRAM.FILE {D:/Users/pnguy/Documents/GitHub/460M-HDL-Design/project_3/project_3.runs/impl_1/LightController.bit} [get_hw_devices xc7a35t_0_1]
program_hw_devices [get_hw_devices xc7a35t_0_1]
refresh_hw_device [lindex [get_hw_devices xc7a35t_0_1] 0]
reset_run synth_1
launch_runs impl_1 -to_step write_bitstream -jobs 8
wait_on_run impl_1
set_property PROBES.FILE {} [get_hw_devices xc7a35t_0_1]
set_property FULL_PROBES.FILE {} [get_hw_devices xc7a35t_0_1]
set_property PROGRAM.FILE {D:/Users/pnguy/Documents/GitHub/460M-HDL-Design/project_3/project_3.runs/impl_1/LightController.bit} [get_hw_devices xc7a35t_0_1]
program_hw_devices [get_hw_devices xc7a35t_0_1]
refresh_hw_device [lindex [get_hw_devices xc7a35t_0_1] 0]
close_hw
reset_run synth_1
launch_runs impl_1 -to_step write_bitstream -jobs 8
wait_on_run impl_1
open_hw
connect_hw_server
open_hw_target
set_property PROGRAM.FILE {D:/Users/pnguy/Documents/GitHub/460M-HDL-Design/project_3/project_3.runs/impl_1/LightController.bit} [get_hw_devices xc7a35t_0]
current_hw_device [get_hw_devices xc7a35t_0]
refresh_hw_device -update_hw_probes false [lindex [get_hw_devices xc7a35t_0] 0]
set_property PROBES.FILE {} [get_hw_devices xc7a35t_0]
set_property FULL_PROBES.FILE {} [get_hw_devices xc7a35t_0]
set_property PROGRAM.FILE {D:/Users/pnguy/Documents/GitHub/460M-HDL-Design/project_3/project_3.runs/impl_1/LightController.bit} [get_hw_devices xc7a35t_0]
program_hw_devices [get_hw_devices xc7a35t_0]
refresh_hw_device [lindex [get_hw_devices xc7a35t_0] 0]
reset_run synth_1
launch_runs impl_1 -to_step write_bitstream -jobs 8
wait_on_run impl_1
set_property PROBES.FILE {} [get_hw_devices xc7a35t_0]
set_property FULL_PROBES.FILE {} [get_hw_devices xc7a35t_0]
set_property PROGRAM.FILE {D:/Users/pnguy/Documents/GitHub/460M-HDL-Design/project_3/project_3.runs/impl_1/LightController.bit} [get_hw_devices xc7a35t_0]
program_hw_devices [get_hw_devices xc7a35t_0]
refresh_hw_device [lindex [get_hw_devices xc7a35t_0] 0]
set_property PROBES.FILE {} [get_hw_devices xc7a35t_0]
set_property FULL_PROBES.FILE {} [get_hw_devices xc7a35t_0]
set_property PROGRAM.FILE {D:/Users/pnguy/Documents/GitHub/460M-HDL-Design/project_3/project_3.runs/impl_1/LightController.bit} [get_hw_devices xc7a35t_0]
program_hw_devices [get_hw_devices xc7a35t_0]
refresh_hw_device [lindex [get_hw_devices xc7a35t_0] 0]
reset_run synth_1
launch_runs impl_1 -to_step write_bitstream -jobs 8
wait_on_run impl_1
set_property PROBES.FILE {} [get_hw_devices xc7a35t_0]
set_property FULL_PROBES.FILE {} [get_hw_devices xc7a35t_0]
set_property PROGRAM.FILE {D:/Users/pnguy/Documents/GitHub/460M-HDL-Design/project_3/project_3.runs/impl_1/LightController.bit} [get_hw_devices xc7a35t_0]
program_hw_devices [get_hw_devices xc7a35t_0]
refresh_hw_device [lindex [get_hw_devices xc7a35t_0] 0]
set_property PROBES.FILE {} [get_hw_devices xc7a35t_0]
set_property FULL_PROBES.FILE {} [get_hw_devices xc7a35t_0]
set_property PROGRAM.FILE {D:/Users/pnguy/Documents/GitHub/460M-HDL-Design/project_3/project_3.runs/impl_1/LightController.bit} [get_hw_devices xc7a35t_0]
program_hw_devices [get_hw_devices xc7a35t_0]
refresh_hw_device [lindex [get_hw_devices xc7a35t_0] 0]
reset_run synth_1
launch_runs impl_1 -to_step write_bitstream -jobs 8
wait_on_run impl_1
set_property PROBES.FILE {} [get_hw_devices xc7a35t_0]
set_property FULL_PROBES.FILE {} [get_hw_devices xc7a35t_0]
set_property PROGRAM.FILE {D:/Users/pnguy/Documents/GitHub/460M-HDL-Design/project_3/project_3.runs/impl_1/LightController.bit} [get_hw_devices xc7a35t_0]
program_hw_devices [get_hw_devices xc7a35t_0]
refresh_hw_device [lindex [get_hw_devices xc7a35t_0] 0]
reset_run synth_1
launch_runs impl_1 -to_step write_bitstream -jobs 8
wait_on_run impl_1
set_property PROBES.FILE {} [get_hw_devices xc7a35t_0]
set_property FULL_PROBES.FILE {} [get_hw_devices xc7a35t_0]
set_property PROGRAM.FILE {D:/Users/pnguy/Documents/GitHub/460M-HDL-Design/project_3/project_3.runs/impl_1/LightController.bit} [get_hw_devices xc7a35t_0]
program_hw_devices [get_hw_devices xc7a35t_0]
refresh_hw_device [lindex [get_hw_devices xc7a35t_0] 0]
open_run synth_1 -name synth_1
close_design
reset_run impl_1 -prev_step 
launch_runs impl_1 -to_step write_bitstream -jobs 8
wait_on_run impl_1
set_property PROBES.FILE {} [get_hw_devices xc7a35t_0]
set_property FULL_PROBES.FILE {} [get_hw_devices xc7a35t_0]
set_property PROGRAM.FILE {D:/Users/pnguy/Documents/GitHub/460M-HDL-Design/project_3/project_3.runs/impl_1/LightController.bit} [get_hw_devices xc7a35t_0]
program_hw_devices [get_hw_devices xc7a35t_0]
refresh_hw_device [lindex [get_hw_devices xc7a35t_0] 0]
reset_run synth_1
launch_runs synth_1 -jobs 8
wait_on_run synth_1
launch_runs impl_1 -jobs 8
wait_on_run impl_1
launch_runs impl_1 -to_step write_bitstream -jobs 8
wait_on_run impl_1
set_property PROBES.FILE {} [get_hw_devices xc7a35t_0]
set_property FULL_PROBES.FILE {} [get_hw_devices xc7a35t_0]
set_property PROGRAM.FILE {D:/Users/pnguy/Documents/GitHub/460M-HDL-Design/project_3/project_3.runs/impl_1/LightController.bit} [get_hw_devices xc7a35t_0]
program_hw_devices [get_hw_devices xc7a35t_0]
refresh_hw_device [lindex [get_hw_devices xc7a35t_0] 0]
